// Jest Snapshot v1, https://goo.gl/fbAQLP

exports[`icon UI 1`] = `
<svg
  className="seele-icon seele-alipay"
  name="alipay"
>
  <use
    xlinkHref="#alipay"
  />
</svg>
`;
